
> taja-shop-frontend@0.1.0 build
> next build

  Γû▓ Next.js 14.2.33
  - Environments: .env.local, .env

   Creating an optimized production build ...
